// Jest Snapshot v1, https://goo.gl/fbAQLP

exports[`ThemeContext renders with default values 1`] = `{"theme":"light"}`;
